// Jest Snapshot v1, https://goo.gl/fbAQLP

exports[`linting javascript.js fixture matches snapshot 1`] = `
[
  {
    "column": 10,
    "endColumn": 25,
    "endLine": 1,
    "fix": {
      "range": [
        0,
        59,
      ],
      "text": "
",
    },
    "line": 1,
    "message": "'unusedEs6Import' is defined but never used.",
    "messageId": "unusedVar",
    "nodeType": "Identifier",
    "ruleId": "unused-imports/no-unused-imports",
    "severity": 1,
  },
  {
    "column": 10,
    "endColumn": 25,
    "endLine": 1,
    "line": 1,
    "message": "'unusedEs6Import' is defined but never used.",
    "messageId": "unusedVar",
    "nodeType": "Identifier",
    "ruleId": "no-unused-vars",
    "severity": 2,
  },
  {
    "column": 1,
    "endColumn": 25,
    "endLine": 12,
    "line": 12,
    "message": "Found non-literal argument to RegExp Constructor",
    "nodeType": "NewExpression",
    "ruleId": "security/detect-non-literal-regexp",
    "severity": 1,
  },
  {
    "column": 10,
    "endColumn": 11,
    "endLine": 14,
    "line": 14,
    "message": "Identifier name 'x' is too short (< 2).",
    "messageId": "tooShort",
    "nodeType": "Identifier",
    "ruleId": "id-length",
    "severity": 1,
  },
  {
    "column": 10,
    "endColumn": 11,
    "endLine": 14,
    "line": 14,
    "message": "'x' is defined but never used.",
    "messageId": "unusedVar",
    "nodeType": "Identifier",
    "ruleId": "no-unused-vars",
    "severity": 2,
  },
  {
    "column": 13,
    "endColumn": 14,
    "endLine": 14,
    "line": 14,
    "message": "Identifier name 'y' is too short (< 2).",
    "messageId": "tooShort",
    "nodeType": "Identifier",
    "ruleId": "id-length",
    "severity": 1,
  },
  {
    "column": 13,
    "endColumn": 14,
    "endLine": 14,
    "line": 14,
    "message": "'y' is defined but never used.",
    "messageId": "unusedVar",
    "nodeType": "Identifier",
    "ruleId": "no-unused-vars",
    "severity": 2,
  },
  {
    "column": 9,
    "endColumn": 22,
    "endLine": 15,
    "line": 15,
    "message": "'xIsACoolParam' is not defined.",
    "messageId": "undef",
    "nodeType": "Identifier",
    "ruleId": "no-undef",
    "severity": 2,
  },
  {
    "column": 5,
    "endColumn": 11,
    "endLine": 18,
    "fix": {
      "range": [
        359,
        478,
      ],
      "text": "const things = {
	a: 13,
	cd: 99.99,
	e9: 6e99,
	f7: () => [ 'x' ],
	12: '32',
	ff: xx => xx,
	gg: ( { fds } ) => fds,
};",
    },
    "line": 18,
    "message": "'things' is never reassigned. Use 'const' instead.",
    "messageId": "useConst",
    "nodeType": "Identifier",
    "ruleId": "prefer-const",
    "severity": 2,
  },
  {
    "column": 2,
    "endColumn": 3,
    "endLine": 19,
    "line": 19,
    "message": "Identifier name 'a' is too short (< 2).",
    "messageId": "tooShort",
    "nodeType": "Identifier",
    "ruleId": "id-length",
    "severity": 1,
  },
  {
    "column": 3,
    "endColumn": 33,
    "endLine": 30,
    "line": 30,
    "message": "Unexpected \`await\` inside a loop.",
    "messageId": "unexpectedAwait",
    "nodeType": "AwaitExpression",
    "ruleId": "no-await-in-loop",
    "severity": 2,
  },
  {
    "column": 2,
    "endColumn": 6,
    "endLine": 37,
    "line": 35,
    "message": "Avoid passing an async function to Array.prototype.forEach",
    "nodeType": "ExpressionStatement",
    "ruleId": "@automattic/wpvip/no-async-foreach",
    "severity": 2,
  },
  {
    "column": 8,
    "endColumn": 11,
    "endLine": 41,
    "line": 41,
    "message": "'lol' is already declared in the upper scope on line 5 column 7.",
    "messageId": "noShadow",
    "nodeType": "Identifier",
    "ruleId": "no-shadow",
    "severity": 2,
  },
  {
    "column": 26,
    "endColumn": 36,
    "endLine": 46,
    "fix": {
      "range": [
        885,
        895,
      ],
      "text": "Boolean('heyyy')",
    },
    "line": 46,
    "message": "use \`Boolean('heyyy')\` instead.",
    "messageId": "useRecommendation",
    "nodeType": "UnaryExpression",
    "ruleId": "no-implicit-coercion",
    "severity": 2,
  },
  {
    "column": 1,
    "endColumn": 12,
    "endLine": 48,
    "line": 48,
    "message": "'nonExistent' is not defined.",
    "messageId": "undef",
    "nodeType": "Identifier",
    "ruleId": "no-undef",
    "severity": 2,
  },
]
`;

exports[`linting javascript-missing-eol.js fixture matches snapshot 1`] = `
[
  {
    "column": 51,
    "endColumn": 51,
    "endLine": 3,
    "fix": {
      "range": [
        270,
        270,
      ],
      "text": "
",
    },
    "line": 3,
    "message": "Insert \`⏎\`",
    "messageId": "insert",
    "nodeType": null,
    "ruleId": "prettier/prettier",
    "severity": 2,
  },
]
`;

exports[`linting typescript.ts fixture matches snapshot 1`] = `
[
  {
    "column": 10,
    "endColumn": 25,
    "endLine": 1,
    "line": 1,
    "message": "'unusedEs6Import' is defined but never used.",
    "messageId": "unusedVar",
    "nodeType": "Identifier",
    "ruleId": "@typescript-eslint/no-unused-vars",
    "severity": 2,
  },
  {
    "column": 10,
    "endColumn": 25,
    "endLine": 1,
    "fix": {
      "range": [
        0,
        59,
      ],
      "text": "
",
    },
    "line": 1,
    "message": "'unusedEs6Import' is defined but never used.",
    "messageId": "unusedVar",
    "nodeType": "Identifier",
    "ruleId": "unused-imports/no-unused-imports",
    "severity": 1,
  },
  {
    "column": 48,
    "endColumn": 61,
    "endLine": 3,
    "line": 3,
    "message": "'three' is defined but never used.",
    "messageId": "unusedVar",
    "nodeType": "Identifier",
    "ruleId": "@typescript-eslint/no-unused-vars",
    "severity": 2,
  },
  {
    "column": 55,
    "endColumn": 61,
    "endLine": 3,
    "fix": {
      "range": [
        113,
        119,
      ],
      "text": "string",
    },
    "line": 3,
    "message": "Don't use \`String\` as a type. Use string instead",
    "messageId": "bannedTypeMessage",
    "nodeType": "Identifier",
    "ruleId": "@typescript-eslint/ban-types",
    "severity": 2,
  },
  {
    "column": 1,
    "endColumn": 14,
    "endLine": 7,
    "line": 7,
    "message": "Do not use "@ts-ignore" because it alters compilation errors.",
    "messageId": "tsDirectiveComment",
    "nodeType": "Line",
    "ruleId": "@typescript-eslint/ban-ts-comment",
    "severity": 2,
  },
  {
    "column": 1,
    "endColumn": 14,
    "endLine": 7,
    "fix": {
      "range": [
        154,
        167,
      ],
      "text": "// @ts-expect-error",
    },
    "line": 7,
    "message": "Use "@ts-expect-error" to ensure an error is actually being suppressed.",
    "messageId": "preferExpectErrorComment",
    "nodeType": "Line",
    "ruleId": "@typescript-eslint/prefer-ts-expect-error",
    "severity": 2,
  },
  {
    "column": 21,
    "endColumn": 24,
    "endLine": 15,
    "line": 15,
    "message": "Unsafe return of an \`any\` typed value.",
    "messageId": "unsafeReturn",
    "nodeType": "Identifier",
    "ruleId": "@typescript-eslint/no-unsafe-return",
    "severity": 2,
  },
  {
    "column": 45,
    "endColumn": 48,
    "endLine": 18,
    "line": 18,
    "message": "Unexpected any. Specify a different type.",
    "messageId": "unexpectedAny",
    "nodeType": "TSAnyKeyword",
    "ruleId": "@typescript-eslint/no-explicit-any",
    "severity": 2,
    "suggestions": [
      {
        "desc": "Use \`unknown\` instead, this will force you to explicitly, and safely assert the type is correct.",
        "fix": {
          "range": [
            348,
            351,
          ],
          "text": "unknown",
        },
        "messageId": "suggestUnknown",
      },
      {
        "desc": "Use \`never\` instead, this is useful when instantiating generic type parameters that you don't need to know the type of.",
        "fix": {
          "range": [
            348,
            351,
          ],
          "text": "never",
        },
        "messageId": "suggestNever",
      },
    ],
  },
  {
    "column": 8,
    "endColumn": 11,
    "endLine": 23,
    "line": 23,
    "message": "'add' is already declared in the upper scope on line 3 column 17.",
    "messageId": "noShadow",
    "nodeType": "Identifier",
    "ruleId": "@typescript-eslint/no-shadow",
    "severity": 2,
  },
  {
    "column": 49,
    "endColumn": 54,
    "endLine": 31,
    "line": 31,
    "message": "'value' is defined but never used.",
    "messageId": "unusedVar",
    "nodeType": "Identifier",
    "ruleId": "@typescript-eslint/no-unused-vars",
    "severity": 2,
  },
]
`;
