// Jest Snapshot v1, https://goo.gl/fbAQLP

exports[`linting javascript.js fixture matches snapshot 1`] = `
[
  {
    "column": 20,
    "endColumn": 37,
    "endLine": 1,
    "fix": {
      "range": [
        19,
        36,
      ],
      "text": "'child_process'",
    },
    "line": 1,
    "message": "Replace \`·'child_process'·\` with \`'child_process'\`",
    "messageId": "replace",
    "nodeType": null,
    "ruleId": "prettier/prettier",
    "severity": 2,
  },
  {
    "column": 9,
    "endColumn": 14,
    "endLine": 4,
    "fix": {
      "range": [
        85,
        90,
      ],
      "text": "lol",
    },
    "line": 4,
    "message": "Replace \`·lol·\` with \`lol\`",
    "messageId": "replace",
    "nodeType": null,
    "ruleId": "prettier/prettier",
    "severity": 2,
  },
  {
    "column": 9,
    "endColumn": 25,
    "endLine": 7,
    "fix": {
      "range": [
        162,
        178,
      ],
      "text": "indirectModule",
    },
    "line": 7,
    "message": "Replace \`·indirectModule·\` with \`indirectModule\`",
    "messageId": "replace",
    "nodeType": null,
    "ruleId": "prettier/prettier",
    "severity": 2,
  },
  {
    "column": 40,
    "endColumn": 45,
    "endLine": 9,
    "fix": {
      "range": [
        221,
        226,
      ],
      "text": "100",
    },
    "line": 9,
    "message": "Replace \`·100·\` with \`100\`",
    "messageId": "replace",
    "nodeType": null,
    "ruleId": "prettier/prettier",
    "severity": 2,
  },
  {
    "column": 1,
    "endColumn": 25,
    "endLine": 10,
    "line": 10,
    "message": "Found non-literal argument to RegExp Constructor",
    "nodeType": "NewExpression",
    "ruleId": "security/detect-non-literal-regexp",
    "severity": 1,
  },
  {
    "column": 12,
    "endColumn": 24,
    "endLine": 10,
    "fix": {
      "range": [
        240,
        252,
      ],
      "text": "dosPattern",
    },
    "line": 10,
    "message": "Replace \`·dosPattern·\` with \`dosPattern\`",
    "messageId": "replace",
    "nodeType": null,
    "ruleId": "prettier/prettier",
    "severity": 2,
  },
  {
    "column": 10,
    "endColumn": 11,
    "endLine": 12,
    "line": 12,
    "message": "Identifier name 'x' is too short (< 2).",
    "messageId": "tooShort",
    "nodeType": "Identifier",
    "ruleId": "id-length",
    "severity": 1,
  },
  {
    "column": 10,
    "endColumn": 11,
    "endLine": 12,
    "line": 12,
    "message": "'x' is defined but never used.",
    "messageId": "unusedVar",
    "nodeType": "Identifier",
    "ruleId": "no-unused-vars",
    "severity": 2,
  },
  {
    "column": 12,
    "endColumn": 15,
    "endLine": 12,
    "fix": {
      "range": [
        267,
        270,
      ],
      "text": "y",
    },
    "line": 12,
    "message": "Replace \`·y·\` with \`y\`",
    "messageId": "replace",
    "nodeType": null,
    "ruleId": "prettier/prettier",
    "severity": 2,
  },
  {
    "column": 13,
    "endColumn": 14,
    "endLine": 12,
    "line": 12,
    "message": "Identifier name 'y' is too short (< 2).",
    "messageId": "tooShort",
    "nodeType": "Identifier",
    "ruleId": "id-length",
    "severity": 1,
  },
  {
    "column": 13,
    "endColumn": 14,
    "endLine": 12,
    "line": 12,
    "message": "'y' is defined but never used.",
    "messageId": "unusedVar",
    "nodeType": "Identifier",
    "ruleId": "no-unused-vars",
    "severity": 2,
  },
  {
    "column": 9,
    "endColumn": 22,
    "endLine": 13,
    "line": 13,
    "message": "'xIsACoolParam' is not defined.",
    "messageId": "undef",
    "nodeType": "Identifier",
    "ruleId": "no-undef",
    "severity": 2,
  },
  {
    "column": 2,
    "endColumn": 3,
    "endLine": 14,
    "fix": {
      "range": [
        298,
        299,
      ],
      "text": "",
    },
    "line": 14,
    "message": "Delete \`;\`",
    "messageId": "delete",
    "nodeType": null,
    "ruleId": "prettier/prettier",
    "severity": 2,
  },
  {
    "column": 5,
    "endColumn": 11,
    "endLine": 16,
    "fix": {
      "range": [
        301,
        427,
      ],
      "text": "const things = {
	a: 13,
	cd: 99.99,
	e9: 6e99,
	f7: (  ) => ['x'],
	12: '32',
	ff: xx => xx,
	gg: ( {fds, }) =>
        fds,
};",
    },
    "line": 16,
    "message": "'things' is never reassigned. Use 'const' instead.",
    "messageId": "useConst",
    "nodeType": "Identifier",
    "ruleId": "prefer-const",
    "severity": 2,
  },
  {
    "column": 2,
    "endColumn": 3,
    "endLine": 17,
    "line": 17,
    "message": "Identifier name 'a' is too short (< 2).",
    "messageId": "tooShort",
    "nodeType": "Identifier",
    "ruleId": "id-length",
    "severity": 1,
  },
  {
    "column": 7,
    "endColumn": 9,
    "endLine": 20,
    "fix": {
      "range": [
        353,
        355,
      ],
      "text": "",
    },
    "line": 20,
    "message": "Delete \`··\`",
    "messageId": "delete",
    "nodeType": null,
    "ruleId": "prettier/prettier",
    "severity": 2,
  },
  {
    "column": 6,
    "endColumn": 8,
    "endLine": 22,
    "fix": {
      "range": [
        383,
        385,
      ],
      "text": "(xx)",
    },
    "line": 22,
    "message": "Replace \`xx\` with \`(xx)\`",
    "messageId": "replace",
    "nodeType": null,
    "ruleId": "prettier/prettier",
    "severity": 2,
  },
  {
    "column": 7,
    "endColumn": 8,
    "endLine": 24,
    "fix": {
      "range": [
        399,
        419,
      ],
      "text": "{ fds }) =>",
    },
    "line": 23,
    "message": "Replace \`·{fds,·})·=>⏎·······\` with \`{·fds·})·=>\`",
    "messageId": "replace",
    "nodeType": null,
    "ruleId": "prettier/prettier",
    "severity": 2,
  },
  {
    "column": 7,
    "endColumn": 45,
    "endLine": 28,
    "fix": {
      "range": [
        480,
        518,
      ],
      "text": "const thing of Object.keys(things)",
    },
    "line": 28,
    "message": "Replace \`·const·thing·of·Object.keys(·things·)·\` with \`const·thing·of·Object.keys(things)\`",
    "messageId": "replace",
    "nodeType": null,
    "ruleId": "prettier/prettier",
    "severity": 2,
  },
  {
    "column": 3,
    "endColumn": 33,
    "endLine": 29,
    "line": 29,
    "message": "Unexpected \`await\` inside a loop.",
    "messageId": "unexpectedAwait",
    "nodeType": "AwaitExpression",
    "ruleId": "no-await-in-loop",
    "severity": 2,
  },
  {
    "column": 25,
    "endColumn": 32,
    "endLine": 29,
    "fix": {
      "range": [
        546,
        553,
      ],
      "text": "thing",
    },
    "line": 29,
    "message": "Replace \`·thing·\` with \`thing\`",
    "messageId": "replace",
    "nodeType": null,
    "ruleId": "prettier/prettier",
    "severity": 2,
  },
  {
    "column": 2,
    "endColumn": 6,
    "endLine": 36,
    "line": 34,
    "message": "Avoid passing an async function to Array.prototype.forEach",
    "nodeType": "ExpressionStatement",
    "ruleId": "@automattic/wpvip/no-async-foreach",
    "severity": 2,
  },
  {
    "column": 14,
    "endColumn": 47,
    "endLine": 34,
    "fix": {
      "range": [
        628,
        661,
      ],
      "text": "things).forEach(async (thing",
    },
    "line": 34,
    "message": "Replace \`·things·).forEach(·async·(·thing·\` with \`things).forEach(async·(thing\`",
    "messageId": "replace",
    "nodeType": null,
    "ruleId": "prettier/prettier",
    "severity": 2,
  },
  {
    "column": 25,
    "endColumn": 32,
    "endLine": 35,
    "fix": {
      "range": [
        692,
        699,
      ],
      "text": "thing",
    },
    "line": 35,
    "message": "Replace \`·thing·\` with \`thing\`",
    "messageId": "replace",
    "nodeType": null,
    "ruleId": "prettier/prettier",
    "severity": 2,
  },
  {
    "column": 3,
    "endColumn": 4,
    "endLine": 36,
    "fix": {
      "range": [
        704,
        705,
      ],
      "text": "",
    },
    "line": 36,
    "message": "Delete \`·\`",
    "messageId": "delete",
    "nodeType": null,
    "ruleId": "prettier/prettier",
    "severity": 2,
  },
  {
    "column": 8,
    "endColumn": 11,
    "endLine": 40,
    "line": 40,
    "message": "'lol' is already declared in the upper scope on line 3 column 7.",
    "messageId": "noShadow",
    "nodeType": "Identifier",
    "ruleId": "no-shadow",
    "severity": 2,
  },
  {
    "column": 1,
    "endColumn": 12,
    "endLine": 44,
    "line": 44,
    "message": "'nonExistent' is not defined.",
    "messageId": "undef",
    "nodeType": "Identifier",
    "ruleId": "no-undef",
    "severity": 2,
  },
  {
    "column": 121,
    "endColumn": 121,
    "endLine": 46,
    "fix": {
      "range": [
        906,
        906,
      ],
      "text": "
",
    },
    "line": 46,
    "message": "Insert \`⏎\`",
    "messageId": "insert",
    "nodeType": null,
    "ruleId": "prettier/prettier",
    "severity": 2,
  },
]
`;

exports[`linting typescript.ts fixture matches snapshot 1`] = `
[
  {
    "column": 21,
    "endColumn": 62,
    "endLine": 1,
    "fix": {
      "range": [
        20,
        61,
      ],
      "text": "one: number, two: number, three: String",
    },
    "line": 1,
    "message": "Replace \`·one:·number,·two:·number,·three:·String·\` with \`one:·number,·two:·number,·three:·String\`",
    "messageId": "replace",
    "nodeType": null,
    "ruleId": "prettier/prettier",
    "severity": 2,
  },
  {
    "column": 1,
    "endColumn": 14,
    "endLine": 5,
    "fix": {
      "range": [
        95,
        108,
      ],
      "text": "// @ts-expect-error",
    },
    "line": 5,
    "message": "Use "@ts-expect-error" to ensure an error is actually being suppressed.",
    "messageId": "preferExpectErrorComment",
    "nodeType": "Line",
    "ruleId": "@typescript-eslint/prefer-ts-expect-error",
    "severity": 1,
  },
  {
    "column": 13,
    "endColumn": 18,
    "endLine": 10,
    "fix": {
      "range": [
        170,
        175,
      ],
      "text": "'x'",
    },
    "line": 10,
    "message": "Replace \`·'x'·\` with \`'x'\`",
    "messageId": "replace",
    "nodeType": null,
    "ruleId": "prettier/prettier",
    "severity": 2,
  },
  {
    "column": 7,
    "endColumn": 19,
    "endLine": 12,
    "fix": {
      "range": [
        195,
        207,
      ],
      "text": "xx: string",
    },
    "line": 12,
    "message": "Replace \`·xx:·string·\` with \`xx:·string\`",
    "messageId": "replace",
    "nodeType": null,
    "ruleId": "prettier/prettier",
    "severity": 2,
  },
  {
    "column": 7,
    "endColumn": 16,
    "endLine": 13,
    "fix": {
      "range": [
        222,
        231,
      ],
      "text": "{ fds }",
    },
    "line": 13,
    "message": "Replace \`·{·fds·}·\` with \`{·fds·}\`",
    "messageId": "replace",
    "nodeType": null,
    "ruleId": "prettier/prettier",
    "severity": 2,
  },
  {
    "column": 21,
    "endColumn": 24,
    "endLine": 13,
    "line": 13,
    "message": "Unsafe return of an \`any\` typed value.",
    "messageId": "unsafeReturn",
    "nodeType": "Identifier",
    "ruleId": "@typescript-eslint/no-unsafe-return",
    "severity": 2,
  },
  {
    "column": 26,
    "endColumn": 49,
    "endLine": 16,
    "fix": {
      "range": [
        270,
        293,
      ],
      "text": "one: number, two: any",
    },
    "line": 16,
    "message": "Replace \`·one:·number,·two:·any·\` with \`one:·number,·two:·any\`",
    "messageId": "replace",
    "nodeType": null,
    "ruleId": "prettier/prettier",
    "severity": 2,
  },
  {
    "column": 45,
    "endColumn": 48,
    "endLine": 16,
    "line": 16,
    "message": "Unexpected any. Specify a different type.",
    "messageId": "unexpectedAny",
    "nodeType": "TSAnyKeyword",
    "ruleId": "@typescript-eslint/no-explicit-any",
    "severity": 2,
    "suggestions": [
      {
        "desc": "Use \`unknown\` instead, this will force you to explicitly, and safely assert the type is correct.",
        "fix": {
          "range": [
            289,
            292,
          ],
          "text": "unknown",
        },
        "messageId": "suggestUnknown",
      },
      {
        "desc": "Use \`never\` instead, this is useful when instantiating generic type parameters that you don't need to know the type of.",
        "fix": {
          "range": [
            289,
            292,
          ],
          "text": "never",
        },
        "messageId": "suggestNever",
      },
    ],
  },
  {
    "column": 8,
    "endColumn": 11,
    "endLine": 21,
    "line": 21,
    "message": "'add' is already declared in the upper scope on line 1 column 17.",
    "messageId": "noShadow",
    "nodeType": "Identifier",
    "ruleId": "@typescript-eslint/no-shadow",
    "severity": 2,
  },
]
`;
